// Jest Snapshot v1, https://goo.gl/fbAQLP

exports[`<FormHeader /> renders component successfully 1`] = `ShallowWrapper {}`;
